﻿
> Travel Proposal Design@0.1.0 build
> vite build

[36mvite v6.3.5 [32mbuilding for production...[36m[39m
transforming...
[32m✓[39m 1604 modules transformed.
node.exe : [31m✗[39m Build failed in 1.57s
At C:\Program Files\nodejs\npm.ps1:29 char:3
+   & $NODE_EXE $NPM_CLI_JS $args
+   ~~~~~~~~~~~~~~~~~~~~~~~~~~~~~
    + CategoryInfo          : NotSpecified: ( 
   [31m✗[39m Build failed in 1.57s:String)  
   [], RemoteException
    + FullyQualifiedErrorId : NativeCommandEr 
   ror
 
[31merror during build:
[31m[vite:esbuild] Transform failed with 1 er
ror:
F:/The kadang/code_project/google antigravity/
Travel Proposal Design/src/components/Editable
AccommodationPage.tsx:1203:1: ERROR: Expected 
")" but found end of file[31m
file: [36mF:/The kadang/code_project/google a
ntigravity/Travel Proposal Design/src/componen
ts/EditableAccommodationPage.tsx:1203:1[31m
[33m
[33mExpected ")" but found end of file[33m
1201|      </div>
1202|    );
1203|  }
   |   ^
[31m
    at failureErrorWithLog (F:\The kadang\code
_project\google antigravity\Travel Proposal De
sign\node_modules\esbuild\lib\main.js:1467:15)
    at F:\The kadang\code_project\google antig
ravity\Travel Proposal Design\node_modules\esb
uild\lib\main.js:736:50
    at responseCallbacks.<computed> (F:\The ka
dang\code_project\google antigravity\Travel Pr
oposal Design\node_modules\esbuild\lib\main.js
:603:9)
    at handleIncomingPacket (F:\The kadang\cod
e_project\google antigravity\Travel Proposal D
esign\node_modules\esbuild\lib\main.js:658:12)
    at Socket.readFromStdout (F:\The kadang\co
de_project\google antigravity\Travel Proposal 
Design\node_modules\esbuild\lib\main.js:581:7)
    at Socket.emit (node:events:518:28)
    at addChunk (node:internal/streams/readabl
e:561:12)
    at readableAddChunkPushByteMode (node:inte
rnal/streams/readable:512:3)
    at Readable.push (node:internal/streams/re
adable:392:5)
    at Pipe.onStreamRead (node:internal/stream
_base_commons:189:23)[39m
